[www.quad.fr/index.html]
[backblue.gif]
[fade.gif]
[index.html]
[www.quad.fr/node/2.html]
[www.quad.fr/sites/default/files/favicon.ico]
[www.quad.fr/sites/default/files/css/css_lQaZfjVpwP_oGNqdtWCSpJT1EMqXdMiU84ekLLxQnc4.css]
[www.quad.fr/sites/default/files/css/css_MnXiytJtb186Ydycnpwpw34cuUsHaKc80ey5LiQXhSY.css]
[www.quad.fr/sites/default/files/css/css_eIgWCGtHQPrdunpjG1rprYtKQ0VuCOvW0YaoPBapOnA.css]
[www.quad.fr/sites/default/files/js/js_MpKfe1sTh5JIVGCZ17DsAuT1rqAC38MLLlkjqjQ1X_k.js]
[www.quad.fr/sites/default/files/js/js_bIldW-GTgOdGB-wD8USQO_ae0p3sTczqkhm8yyT4lgg.js]
[www.quad.fr/sites/default/files/styles/cover_full/public/field_main_picture__page_home/Foule0389fe.jpg]
[www.quad.fr/sites/default/files/styles/cover_full_mobile/public/field_main_picture__page_home/Foule03c570.jpg]
[www.quad.fr/sites/default/files/field_showreel_video__page_home/DEMO QUAD GROUP 2016_A114.mp4]
[www.quad.fr/sites/default/files/field_showreel_video_mobile__page_home/BANDE_DEMO_QUAD_FLUME_Mobile.mp4]
[www.quad.fr/sites/default/files/styles/cover_full_mobile/public/field_showreel_mobile_cover__page_home/Poster_Mobilec263.jpg]
[www.quad.fr/sites/default/files/styles/news_teaser/public/field_picture__news/Capture d’écran 2016-12-15 à 14.25.103afd.png]
[www.quad.fr/sites/default/files/styles/news_teaser/public/field_picture__news/snsm_960x5987c76.jpg]
[www.quad.fr/sites/default/files/styles/news_teaser/public/field_picture__news/AVP Samba St Jean De Luz ALLPIX_20 (1)ad2a.jpg]
[www.quad.fr/sites/default/files/styles/news_teaser/public/field_picture__news/Capture d’écran 2016-10-14 à 17.09.59e08e.png]
[www.quad.fr/sites/default/files/styles/news_teaser/public/field_picture__news/violence_conjugale_9608b7f.jpg]
[www.quad.fr/sites/default/files/styles/news_teaser/public/field_picture__news/Futurfood_960x5982791.jpg]
[www.quad.fr/sites/default/files/field_entity_bg_video__entity/L Oreal Color Riche color obsession_HD.mp4]
[www.quad.fr/sites/default/files/field_entity_bg_video__entity/Ballerina_HD (1).mp4]
[www.quad.fr/sites/default/files/field_entity_bg_video__entity/le_secret_d_elise_hd.mp4]
[www.quad.fr/sites/default/files/field_entity_bg_video__entity/Aufgang summer_HD (1).mp4]
[www.quad.fr/sites/default/files/field_entity_bg_video__entity/Travel Portland compilation_HD (1).mp4]
[www.quad.fr/sites/default/files/field_entity_bg_video__entity/Poire au Vin_HD.mp4]
[www.quad.fr/sites/default/files/field_entity_bg_video__entity/Cartier lodyssee_HD.mp4]
[www.quad.fr/sites/default/files/field_entity_bg_video__entity/Aguadecoco toni garnn_HD (3).mp4]
[www.google-analytics.com/analytics.js]
[www.quad.fr/index.html]
[www.quad.fr/node/2.html]
[www.quad.fr/misc/throbber-inactive.png]
[www.quad.fr/misc/throbber-active.gif]
[www.quad.fr/misc/grippie.png]
[www.quad.fr/misc/draggable.png]
[www.quad.fr/misc/tree.png]
[www.quad.fr/misc/tree-bottom.png]
[www.quad.fr/sites/default/files/css/css_lQaZfjVpwP_oGNqdtWCSpJT1EMqXdMiU84ekLLxQnc4.css]
[www.quad.fr/sites/all/modules/ctools/images/status-active.gif]
[www.quad.fr/sites/default/files/css/css_MnXiytJtb186Ydycnpwpw34cuUsHaKc80ey5LiQXhSY.css]
[www.quad.fr/sites/all/themes/custom/quad_entities/fonts_conv/GraphikRegular.eot]
[www.quad.fr/sites/all/themes/custom/quad_entities/fonts_conv/base_fonts/Graphik-Regular.otf]
[www.quad.fr/sites/all/themes/custom/quad_entities/fonts_conv/GraphikRegular.ttf]
[www.quad.fr/sites/all/themes/custom/quad_entities/fonts_conv/GraphikRegular.woff2]
[www.quad.fr/sites/all/themes/custom/quad_entities/fonts_conv/GraphikRegular.woff]
[www.quad.fr/sites/all/themes/custom/quad_entities/fonts_conv/GraphikMedium.eot]
[www.quad.fr/sites/all/themes/custom/quad_entities/fonts_conv/base_fonts/Graphik-Medium.otf]
[www.quad.fr/sites/all/themes/custom/quad_entities/fonts_conv/GraphikMedium.ttf]
[www.quad.fr/sites/all/themes/custom/quad_entities/fonts_conv/GraphikMedium.woff2]
[www.quad.fr/sites/all/themes/custom/quad_entities/fonts_conv/GraphikMedium.woff]
[www.quad.fr/sites/all/themes/custom/quad_entities/fonts_conv/GraphikSemibold.eot]
[www.quad.fr/sites/all/themes/custom/quad_entities/fonts_conv/base_fonts/Graphik-Semibold.otf]
[www.quad.fr/sites/all/themes/custom/quad_entities/fonts_conv/GraphikSemibold.ttf]
[www.quad.fr/sites/all/themes/custom/quad_entities/fonts_conv/GraphikSemibold.woff2]
[www.quad.fr/sites/all/themes/custom/quad_entities/fonts_conv/GraphikSemibold.woff]
[www.quad.fr/sites/all/themes/custom/quad_entities/fonts_conv/AustinLightItalic.eot]
[www.quad.fr/sites/all/themes/custom/quad_entities/fonts_conv/AustinLightItalic.woff2]
[www.quad.fr/sites/all/themes/custom/quad_entities/fonts_conv/AustinLightItalic.woff]
[www.quad.fr/sites/all/themes/custom/quad_entities/fonts_conv/AustinLightItalic.ttf]
[www.quad.fr/sites/all/themes/custom/quad_entities/fonts_conv/AustinMedium.eot]
[www.quad.fr/sites/all/themes/custom/quad_entities/fonts_conv/AustinMedium.woff2]
[www.quad.fr/sites/all/themes/custom/quad_entities/fonts_conv/AustinMedium.woff]
[www.quad.fr/sites/all/themes/custom/quad_entities/fonts_conv/AustinMedium.ttf]
[www.quad.fr/sites/all/themes/custom/quad_entities/fonts_conv/ClearfaceStdBold.eot]
[www.quad.fr/sites/all/themes/custom/quad_entities/fonts_conv/ClearfaceStdBold.woff2]
[www.quad.fr/sites/all/themes/custom/quad_entities/fonts_conv/ClearfaceStdBold.woff]
[www.quad.fr/sites/all/themes/custom/quad_entities/fonts_conv/ClearfaceStdBold.ttf]
[www.quad.fr/sites/all/themes/custom/quad_entities/fonts_conv/ClearfaceStdHeavy.eot]
[www.quad.fr/sites/all/themes/custom/quad_entities/fonts_conv/ClearfaceStdHeavy.woff2]
[www.quad.fr/sites/all/themes/custom/quad_entities/fonts_conv/ClearfaceStdHeavy.woff]
[www.quad.fr/sites/all/themes/custom/quad_entities/fonts_conv/ClearfaceStdHeavy.ttf]
[www.quad.fr/sites/all/themes/custom/quad_entities/fonts_conv/DomaineDispCondSemibold.eot]
[www.quad.fr/sites/all/themes/custom/quad_entities/fonts_conv/DomaineDispCondSemibold.woff2]
[www.quad.fr/sites/all/themes/custom/quad_entities/fonts_conv/DomaineDispCondSemibold.woff]
[www.quad.fr/sites/all/themes/custom/quad_entities/fonts_conv/DomaineDispCondSemibold.ttf]
[www.quad.fr/sites/all/themes/custom/quad_entities/fonts_conv/DomaineDispCondRegular.eot]
[www.quad.fr/sites/all/themes/custom/quad_entities/fonts_conv/DomaineDispCondRegular.woff2]
[www.quad.fr/sites/all/themes/custom/quad_entities/fonts_conv/DomaineDispCondRegular.woff]
[www.quad.fr/sites/all/themes/custom/quad_entities/fonts_conv/DomaineDispCondRegular.ttf]
[www.quad.fr/sites/all/themes/custom/quad_entities/fonts_conv/KnockoutHTF27JuniorBantamwt.eot]
[www.quad.fr/sites/all/themes/custom/quad_entities/fonts_conv/KnockoutHTF27JuniorBantamwt.woff2]
[www.quad.fr/sites/all/themes/custom/quad_entities/fonts_conv/KnockoutHTF27JuniorBantamwt.woff]
[www.quad.fr/sites/all/themes/custom/quad_entities/fonts_conv/KnockoutHTF27JuniorBantamwt.ttf]
[www.quad.fr/sites/all/themes/custom/quad_entities/fonts_conv/KnockoutHTF67FullBantamwt.eot]
[www.quad.fr/sites/all/themes/custom/quad_entities/fonts_conv/KnockoutHTF67FullBantamwt.woff2]
[www.quad.fr/sites/all/themes/custom/quad_entities/fonts_conv/KnockoutHTF67FullBantamwt.woff]
[www.quad.fr/sites/all/themes/custom/quad_entities/fonts_conv/KnockoutHTF67FullBantamwt.ttf]
[www.quad.fr/sites/all/themes/custom/quad_entities/fonts_conv/TypeTypeTTRoundsCondensedBold.eot]
[www.quad.fr/sites/all/themes/custom/quad_entities/fonts_conv/TypeTypeTTRoundsCondensedBold.woff2]
[www.quad.fr/sites/all/themes/custom/quad_entities/fonts_conv/TypeTypeTTRoundsCondensedBold.woff]
[www.quad.fr/sites/all/themes/custom/quad_entities/fonts_conv/TypeTypeTTRoundsCondensedBold.ttf]
[www.quad.fr/sites/all/themes/custom/quad_entities/fonts_conv/TypeTypeTTRoundsCondensedRegular.eot]
[www.quad.fr/sites/all/themes/custom/quad_entities/fonts_conv/TypeTypeTTRoundsCondensedRegular.woff2]
[www.quad.fr/sites/all/themes/custom/quad_entities/fonts_conv/TypeTypeTTRoundsCondensedRegular.woff]
[www.quad.fr/sites/all/themes/custom/quad_entities/fonts_conv/TypeTypeTTRoundsCondensedRegular.ttf]
[www.quad.fr/sites/all/themes/custom/quad_entities/fonts_conv/RotisSemiSansStdBold.eot]
[www.quad.fr/sites/all/themes/custom/quad_entities/fonts_conv/RotisSemiSansStdBold.woff2]
[www.quad.fr/sites/all/themes/custom/quad_entities/fonts_conv/RotisSemiSansStdBold.woff]
[www.quad.fr/sites/all/themes/custom/quad_entities/fonts_conv/RotisSemiSansStdBold.ttf]
[www.quad.fr/sites/default/files/css/css_eIgWCGtHQPrdunpjG1rprYtKQ0VuCOvW0YaoPBapOnA.css]
[www.quad.fr/sites/all/themes/custom/quad_dispatch/images/mask_desk/qp.svg]
[www.quad.fr/sites/default/files/field_showreel_video__page_home/DEMO QUAD GROUP 2016_A114.mp4]
[www.quad.fr/sites/all/themes/custom/quad_dispatch/images/mask_mob/qp.svg]
[www.quad.fr/sites/all/themes/custom/quad_dispatch/images/mask_desk/qc.svg]
[www.quad.fr/sites/all/themes/custom/quad_dispatch/images/mask_mob/qc.svg]
[www.quad.fr/sites/all/themes/custom/quad_dispatch/images/mask_desk/qtv.svg]
[www.quad.fr/sites/all/themes/custom/quad_dispatch/images/mask_mob/qtv.svg]
[www.quad.fr/sites/all/themes/custom/quad_dispatch/images/mask_desk/ff.svg]
[www.quad.fr/sites/all/themes/custom/quad_dispatch/images/mask_mob/ff.svg]
[www.quad.fr/sites/all/themes/custom/quad_dispatch/images/mask_desk/wz.svg]
[www.quad.fr/sites/all/themes/custom/quad_dispatch/images/mask_mob/wz.svg]
[www.quad.fr/sites/all/themes/custom/quad_dispatch/images/mask_desk/wb.svg]
[www.quad.fr/sites/all/themes/custom/quad_dispatch/images/mask_mob/wb.svg]
[www.quad.fr/sites/all/themes/custom/quad_dispatch/images/mask_desk/fx.svg]
[www.quad.fr/sites/all/themes/custom/quad_dispatch/images/mask_mob/fx.svg]
[www.quad.fr/sites/all/themes/custom/quad_dispatch/images/mask_desk/ab.svg]
[www.quad.fr/sites/all/themes/custom/quad_dispatch/images/mask_mob/ab.svg]
[www.quad.fr/sites/default/files/field_showreel_video_mobile__page_home/BANDE_DEMO_QUAD_FLUME_Mobile.mp4]
[www.quad.fr/sites/default/files/field_entity_bg_video__entity/Ballerina_HD (1).mp4]
[www.quad.fr/sites/default/files/field_entity_bg_video__entity/Aufgang summer_HD (1).mp4]
[www.quad.fr/sites/default/files/field_entity_bg_video__entity/Poire au Vin_HD.mp4]
[www.quad.fr/sites/default/files/field_entity_bg_video__entity/Aguadecoco toni garnn_HD (3).mp4]
[www.quad.fr/sites/all/themes/custom/quad_entities/fonts_conv/GraphikRegular.svg]
[www.quad.fr/sites/all/themes/custom/quad_entities/fonts_conv/GraphikMedium.svg]
[www.quad.fr/sites/all/themes/custom/quad_entities/fonts_conv/GraphikSemibold.svg]
[www.quad.fr/sites/all/themes/custom/quad_entities/fonts_conv/AustinLightItalic.svg]
[www.quad.fr/sites/all/themes/custom/quad_entities/fonts_conv/AustinMedium.svg]
[www.quad.fr/sites/all/themes/custom/quad_entities/fonts_conv/ClearfaceStdBold.svg]
[www.quad.fr/sites/all/themes/custom/quad_entities/fonts_conv/ClearfaceStdHeavy.svg]
[www.quad.fr/sites/all/themes/custom/quad_entities/fonts_conv/DomaineDispCondSemibold.svg]
[www.quad.fr/sites/all/themes/custom/quad_entities/fonts_conv/DomaineDispCondRegular.svg]
[www.quad.fr/sites/all/themes/custom/quad_entities/fonts_conv/KnockoutHTF27JuniorBantamwt.svg]
[www.quad.fr/sites/all/themes/custom/quad_entities/fonts_conv/KnockoutHTF67FullBantamwt.svg]
[www.quad.fr/sites/all/themes/custom/quad_entities/fonts_conv/TypeTypeTTRoundsCondensedBold.svg]
[www.quad.fr/sites/all/themes/custom/quad_entities/fonts_conv/TypeTypeTTRoundsCondensedRegular.svg]
[www.quad.fr/sites/all/themes/custom/quad_entities/fonts_conv/RotisSemiSansStdBold.svg]
[www.quad.fr/sites/default/files/field_showreel_video__page_home/DEMO QUAD GROUP 2016_A114.mp4]
[www.quad.fr/sites/default/files/field_showreel_video_mobile__page_home/BANDE_DEMO_QUAD_FLUME_Mobile.mp4]
[www.quad.fr/sites/default/files/field_entity_bg_video__entity/Aufgang summer_HD (1).mp4]
